






















































2
(

























2






2



(








P22P


22P






P


2










P




























































P















P22P




















2




(




































P2












2














P
















































(

<








P






(

2















P222




2









2








P22P













2

(
P



2









P22P


2













2
(











































(


















(






















































(





(
<




















































<











P














2

















P22






























<

















<















































P



















P22





















2














P




























































































<

























P















P22P

















<2

(P

2





2
(



P








2





2
(




2222P



P2222






22P


(P








P



P22P

P

(

































2


















2(












22P
















P









































































(














(







(







(




<




















<























































(

(





(















































































































22






P


(




2







2(




2


22


















2




















2



















PP













P222
















2222
















P2

















P

P

















P22P















2







P




P












2














P22




















