
































<


<












































































































<























































































































<












































<





























<
















<



<












































P


















P22P


















2





















P




































































































































































<



<







<

































<<






































(























































































<
















<













































P













P22














2











<





P




























<

























































P












P222










<





























<



<


























<



















<





























<
























P























P22P










2
















<


P







<




















<






(









P
















2












P22P














P


<


















2















2








<




(

P22P



















































































































































































<

























<























































